{
   "xxx" : {
      "pages" : {
         "page2.json" : "{\"areas\":{\"area1\":[{\"widget\":\"widget1\"}],\"area2\":[{\"widget\":\"widget1\"},{\"widget\":\"widget2\"}]}}",
         "page1.json" : "{\"areas\":{}}"
      },
      "flows" : {
         "flow4.json" : "{\"places\":{\"entry\":{\"redirectTo\":\"home\"},\"home\":{\"page\":\"page1\",\"targets\":{\"next\":\"other\"}},\"other\":{\"page\":\"page2\"}}}",
         "flow2.json" : "{\"places\":{\"entry\":{\"page\":\"page1\"}}}"
      },
      "widgets" : {
         "widget2" : {
            "widget.json" : "{\"name\":\"widget2\",\"integration\":{\"type\":\"widget\",\"technology\":\"plain\"},\"controls\":[\"control1\"]}"
         },
         "widget1" : {
            "widget.json" : "{\"name\":\"widget1\",\"integration\":{\"type\":\"widget\",\"technology\":\"plain\"}}"
         }
      }
   }
}
